---
source: src/d06/help.rs
expression: "find_all_race_times(&parsed[2].0, &parsed[2].1)"
---
[
    209,
    216,
    221,
    224,
    225,
    224,
    221,
    216,
    209,
]
