---
source: src/d06/help.rs
expression: "find_all_race_times(&parsed[1].0, &parsed[1].1)"
---
[
    44,
    50,
    54,
    56,
    56,
    54,
    50,
    44,
]
