---
source: src/d05/help.rs
expression: "get_almanac().maps.iter().map(normalise_map).collect::<Vec<_>>()"
---
[
    {
        85: 83,
        59: 57,
        95: 93,
        81: 79,
        78: 76,
        52: 50,
        53: 51,
        86: 84,
        70: 68,
        87: 85,
        97: 95,
        89: 87,
        83: 81,
        54: 52,
        55: 53,
        51: 99,
        65: 63,
        90: 88,
        96: 94,
        77: 75,
        66: 64,
        79: 77,
        91: 89,
        62: 60,
        92: 90,
        94: 92,
        76: 74,
        72: 70,
        56: 54,
        82: 80,
        99: 97,
        93: 91,
        84: 82,
        67: 65,
        73: 71,
        75: 73,
        71: 69,
        68: 66,
        98: 96,
        64: 62,
        88: 86,
        57: 55,
        61: 59,
        74: 72,
        63: 61,
        69: 67,
        50: 98,
        60: 58,
        58: 56,
        80: 78,
    },
    {
        22: 37,
        9: 24,
        41: 2,
        46: 7,
        7: 22,
        48: 9,
        52: 13,
        11: 26,
        10: 25,
        20: 35,
        23: 38,
        17: 32,
        3: 18,
        30: 45,
        44: 5,
        14: 29,
        35: 50,
        16: 31,
        5: 20,
        8: 23,
        34: 49,
        31: 46,
        26: 41,
        38: 53,
        43: 4,
        45: 6,
        50: 11,
        19: 34,
        37: 52,
        49: 10,
        1: 16,
        29: 44,
        4: 19,
        53: 14,
        47: 8,
        25: 40,
        28: 43,
        42: 3,
        0: 15,
        21: 36,
        2: 17,
        18: 33,
        33: 48,
        51: 12,
        12: 27,
        24: 39,
        27: 42,
        32: 47,
        6: 21,
        39: 0,
        13: 28,
        36: 51,
        40: 1,
        15: 30,
    },
    {
        6: 17,
        28: 39,
        39: 50,
        13: 24,
        50: 54,
        21: 32,
        58: 8,
        11: 22,
        17: 28,
        41: 52,
        40: 51,
        47: 5,
        0: 11,
        31: 42,
        43: 1,
        46: 4,
        8: 19,
        7: 18,
        37: 48,
        16: 27,
        52: 56,
        51: 55,
        27: 38,
        54: 58,
        35: 46,
        60: 10,
        38: 49,
        36: 47,
        48: 6,
        12: 23,
        55: 59,
        9: 20,
        32: 43,
        33: 44,
        57: 7,
        42: 0,
        45: 3,
        2: 13,
        30: 41,
        44: 2,
        14: 25,
        10: 21,
        34: 45,
        3: 14,
        15: 26,
        56: 60,
        5: 16,
        24: 35,
        26: 37,
        49: 53,
        23: 34,
        29: 40,
        20: 31,
        4: 15,
        18: 29,
        53: 57,
        25: 36,
        1: 12,
        19: 30,
        22: 33,
        59: 9,
    },
    {
        59: 66,
        86: 93,
        35: 42,
        18: 25,
        64: 71,
        79: 86,
        20: 27,
        90: 20,
        25: 32,
        44: 51,
        67: 74,
        68: 75,
        78: 85,
        34: 41,
        39: 46,
        82: 89,
        71: 78,
        88: 18,
        50: 57,
        56: 63,
        63: 70,
        94: 24,
        23: 30,
        28: 35,
        60: 67,
        92: 22,
        33: 40,
        41: 48,
        29: 36,
        30: 37,
        40: 47,
        19: 26,
        80: 87,
        43: 50,
        48: 55,
        21: 28,
        76: 83,
        84: 91,
        89: 19,
        91: 21,
        93: 23,
        24: 31,
        47: 54,
        65: 72,
        49: 56,
        46: 53,
        72: 79,
        74: 81,
        77: 84,
        69: 76,
        57: 64,
        87: 94,
        75: 82,
        38: 45,
        70: 77,
        26: 33,
        32: 39,
        62: 69,
        51: 58,
        22: 29,
        61: 68,
        85: 92,
        53: 60,
        81: 88,
        52: 59,
        31: 38,
        73: 80,
        66: 73,
        83: 90,
        54: 61,
        36: 43,
        27: 34,
        45: 52,
        37: 44,
        42: 49,
        55: 62,
        58: 65,
    },
    {
        73: 69,
        86: 50,
        74: 70,
        97: 61,
        75: 71,
        55: 87,
        85: 49,
        53: 85,
        62: 94,
        91: 55,
        84: 48,
        57: 89,
        77: 73,
        68: 64,
        50: 82,
        58: 90,
        63: 95,
        89: 53,
        92: 56,
        94: 58,
        70: 66,
        46: 78,
        90: 54,
        71: 67,
        80: 76,
        64: 96,
        82: 46,
        48: 80,
        47: 79,
        60: 92,
        83: 47,
        56: 88,
        61: 93,
        87: 51,
        96: 60,
        98: 62,
        88: 52,
        76: 72,
        78: 74,
        66: 98,
        93: 57,
        95: 59,
        81: 45,
        49: 81,
        65: 97,
        54: 86,
        59: 91,
        72: 68,
        79: 75,
        52: 84,
        45: 77,
        67: 99,
        99: 63,
        69: 65,
        51: 83,
    },
    {
        5: 4,
        9: 8,
        40: 39,
        16: 15,
        1: 0,
        14: 13,
        60: 59,
        13: 12,
        3: 2,
        18: 17,
        55: 54,
        28: 27,
        35: 34,
        31: 30,
        59: 58,
        67: 66,
        66: 65,
        10: 9,
        11: 10,
        34: 33,
        24: 23,
        2: 1,
        23: 22,
        8: 7,
        6: 5,
        43: 42,
        21: 20,
        20: 19,
        46: 45,
        27: 26,
        29: 28,
        30: 29,
        26: 25,
        7: 6,
        15: 14,
        22: 21,
        64: 63,
        4: 3,
        38: 37,
        48: 47,
        56: 55,
        25: 24,
        57: 56,
        62: 61,
        65: 64,
        49: 48,
        50: 49,
        0: 69,
        51: 50,
        52: 51,
        54: 53,
        19: 18,
        37: 36,
        63: 62,
        45: 44,
        69: 68,
        39: 38,
        32: 31,
        42: 41,
        17: 16,
        41: 40,
        47: 46,
        53: 52,
        68: 67,
        44: 43,
        58: 57,
        33: 32,
        12: 11,
        61: 60,
        36: 35,
    },
    {
        57: 94,
        58: 95,
        87: 83,
        92: 88,
        70: 66,
        68: 64,
        66: 62,
        77: 73,
        80: 76,
        72: 68,
        63: 59,
        67: 63,
        60: 56,
        61: 57,
        79: 75,
        78: 74,
        94: 90,
        75: 71,
        84: 80,
        59: 96,
        83: 79,
        85: 81,
        89: 85,
        64: 60,
        82: 78,
        71: 67,
        88: 84,
        90: 86,
        62: 58,
        96: 92,
        69: 65,
        86: 82,
        91: 87,
        76: 72,
        81: 77,
        93: 89,
        95: 91,
        73: 69,
        74: 70,
        65: 61,
        56: 93,
    },
]
