---
source: src/d10/pipes.rs
expression: map
---
7-F7-
.FJ|7
SJLL7
|F--J
LJ.LJ

