---
source: src/d10/pipes.rs
expression: map
---
.....
.S-7.
.|.|.
.L-J.
.....

