---
source: src/d10/pipes.rs
expression: map
---
-L|F7
7S-7|
L|7||
-L-J|
L|-JF

