---
source: src/d10/pipes.rs
expression: path
---
Some(
    [
        (
            1,
            2,
        ),
        (
            1,
            3,
        ),
        (
            2,
            3,
        ),
        (
            3,
            3,
        ),
        (
            3,
            2,
        ),
        (
            3,
            1,
        ),
        (
            2,
            1,
        ),
    ],
)
