---
source: src/d10/pipes.rs
expression: map
---
..F7.
.FJ|.
SJ.L7
|F--J
LJ...

