---
source: src/d03/help.rs
expression: get_adjacent_coords(&np)
---
[
    (
        -1,
        -1,
    ),
    (
        0,
        -1,
    ),
    (
        1,
        -1,
    ),
    (
        -1,
        0,
    ),
    (
        1,
        0,
    ),
    (
        -1,
        1,
    ),
    (
        1,
        1,
    ),
    (
        -1,
        2,
    ),
    (
        1,
        2,
    ),
    (
        -1,
        3,
    ),
    (
        0,
        3,
    ),
    (
        1,
        3,
    ),
]
